
Efinity Interface Designer Report
Version: 2023.2.307
Date: 2024-06-15 18:58

Copyright (C) 2013 - 2023 Efinix Inc. All rights reserved.

Device: T120F324
Project: WS2812_Protocol

Package: 324-ball FBGA (final)
Timing Model: C4 (final)
Configuration Mode: active (x1)

---------- Table of Contents (begin) ----------
   1. Periphery Usage Summary
   2. Generated Output Files
   3. I/O Banks Summary
   4. Global Connection Summary
   5. Clock Region Usage Summary
   6. Dual-Function Configuration Pin Usage
   7. GPIO Usage Summary
   8. PLL Usage Summary
   9. LVDS Rx Usage Summary
   10. LVDS Tx Usage Summary
   11. MIPI Rx Usage Summary
   12. MIPI Tx Usage Summary
   13. Clock Mux Usage Summary
   14. Configuration Control Usage Summary
   15. JTAG Usage Summary
   16. DDR Usage Summary
---------- Table of Contents (end) ------------

---------- 1. Periphery Usage Summary (begin) ----------
clkmux: 2 / 2 (100.0%)
control: 0 / 1 (0.0%)
ddr: 0 / 1 (0.0%)
gpio: 2 / 38 (5.26%)
jtag: 1 / 4 (25.0%)
lvds_bg: 0 / 2 (0.0%)
lvds_rx: 1.0 / 26 (3.85%)
	gpio: 2
lvds_tx: 0 / 20 (0.0%)
mipi_rx: 0 / 2 (0.0%)
mipi_tx: 0 / 2 (0.0%)
pll: 1 / 7 (14.29%)
---------- Periphery Usage Summary (end) ----------

---------- 2. Generated Output Files (begin) ----------
Interface Configuration: WS2812_Protocol.interface.csv
Peripheral Block Configuration: WS2812_Protocol.lpf
Pinout Report: WS2812_Protocol.pinout.rpt
Pinout CSV: WS2812_Protocol.pinout.csv
Timing Report: WS2812_Protocol.pt_timing.rpt
Timing SDC Template: WS2812_Protocol.pt.sdc
Verilog Template: WS2812_Protocol_template.v
Option Register File: WS2812_Protocol_or.ini
---------- Generated Output Files (end) ----------

---------- 3. I/O Banks Summary (begin) ----------

+-------------+-------------+
|   I/O Bank  | I/O Voltage |
+-------------+-------------+
|      1A     |    3.3 V    |
|    1B_1C    |    3.3 V    |
| 1D_1E_1F_1G |    3.3 V    |
|      2D     |    3.3 V    |
|      2E     |    3.3 V    |
|      2F     |    3.3 V    |
|      3A     |    1.2 V    |
|      3B     |    1.2 V    |
|   3D_TR_BR  |    3.3 V    |
|      4E     |    3.3 V    |
|      4F     |    3.3 V    |
|      BL     |    1.2 V    |
|      TL     |    1.2 V    |
+-------------+-------------+

---------- I/O Banks Summary (end) ----------

---------- 4. Global Connection Summary (begin) ----------

+-------------+-----------------+------+
|   Pin Name  |     Resource    | Type |
+-------------+-----------------+------+
|     clk     | PLL_BR0.CLKOUT0 | GCLK |
| i_rx_serial |   GPIOL_66.ALT  | GCLK |
+-------------+-----------------+------+

---------- Global Connection Summary (end) ----------

---------- 5. Clock Region Usage Summary (begin) ----------

+--------------+----------------+
| Clock Region | Used/Available |
+--------------+----------------+
|      B       |      0/16      |
|      L0      |      0/4       |
|      L1      |      0/4       |
|      L3      |      0/4       |
|      L7      |      0/4       |
|      R0      |      0/4       |
|      R2      |      0/4       |
|      R3      |      0/4       |
|      R4      |      0/4       |
|      R6      |      0/4       |
|      R7      |      0/4       |
|      T       |      0/16      |
+--------------+----------------+

---------- Clock Region Usage Summary (end) ----------

---------- 6. Dual-Function Configuration Pin Usage (begin) ----------

No instance using dual-function configuration pin.

---------- Dual-Function Configuration Pin Usage (end) ----------

---------- 7. GPIO Usage Summary (begin) ----------

Global Unused Setting: input with weak pullup

+---------------+-------------+--------+----------+--------------+----------+----------------------+--------------------+-------------+
| Instance Name |   Resource  |  Mode  | Register | Clock Region | I/O Bank |     I/O Standard     |      Pad Name      | Package Pin |
+---------------+-------------+--------+----------+--------------+----------+----------------------+--------------------+-------------+
|      data     | GPIOT_RXP28 | output |          |              |    2F    | 3.3 V LVTTL / LVCMOS | GPIOT_RXP28_EXTFB2 |     A10     |
|  i_rx_serial  |   GPIOL_66  | input  |          |              |  1B_1C   | 3.3 V LVTTL / LVCMOS |   GPIOL_66_CLK0    |     K17     |
|      led      | GPIOT_RXN27 | output |          |              |    2F    | 3.3 V LVTTL / LVCMOS |    GPIOT_RXN27     |     B11     |
|    pll_clk    |  GPIOR_186  | input  |          |              | 3D_TR_BR | 3.3 V LVTTL / LVCMOS |  GPIOR_186_PLLIN0  |      U8     |
+---------------+-------------+--------+----------+--------------+----------+----------------------+--------------------+-------------+


Input GPIO Configuration:
=========================

+---------------+-------------+---------------------+-----------------+--------------+-----------------+------+
| Instance Name |  Input Pin  | Alternate Input Pin | Input Clock Pin | Pull Up/Down | Schmitt Trigger | DDIO |
+---------------+-------------+---------------------+-----------------+--------------+-----------------+------+
|  i_rx_serial  | i_rx_serial |                     |                 |     none     |     Disable     | none |
|    pll_clk    |             |       pll_clk       |                 |     none     |     Disable     | none |
+---------------+-------------+---------------------+-----------------+--------------+-----------------+------+

Output GPIO Configuration:
==========================

+---------------+------------+------------------+----------------+-----------+------+
| Instance Name | Output Pin | Output Clock Pin | Drive Strength | Slew Rate | DDIO |
+---------------+------------+------------------+----------------+-----------+------+
|      data     |    data    |                  |       1        |  Disable  |      |
|      led      |    led     |                  |       1        |  Disable  |      |
+---------------+------------+------------------+----------------+-----------+------+

---------- GPIO Usage Summary (end) ----------

---------- 8. PLL Usage Summary (begin) ----------

+---------------+----------+--------------+--------------+-----------------+---------------+----------------+---------+---------+---------+
| Instance Name | Resource | Clock Region | Clock Source | Reference Clock | Feedback Mode | Feedback Clock | Clkout0 | Clkout1 | Clkout2 |
+---------------+----------+--------------+--------------+-----------------+---------------+----------------+---------+---------+---------+
|      clk1     | PLL_BR0  |              |   external   |     pll_clk     |    internal   |                |   clk   |         |         |
+---------------+----------+--------------+--------------+-----------------+---------------+----------------+---------+---------+---------+

Instance Name                 : clk1
Resource                      : PLL_BR0
Clock Source                  : external
Reference Clock Resource      : GPIOR_186
Reference Clock               : pll_clk
Feedback Mode                 : internal

Reference Clock Frequency     : 50.0000 MHz
Reference Clock Period        : 20.0000 ns
Multiplier (M)                : 32
Pre-Divider (N)               : 1
VCO Frequency                 : 1600.0000 MHz
Post-Divider (O)              : 8
PLL Frequency                 : 200.0000 MHz

Output Clock 0
Clock Pin Name                : clk
Output Divider                : 4
Output Phase Shift            : 0
Output Frequency              : 50.0000 MHz
Output Period                 : 20.0000 ns

Frequency calculations:
	VCO = REFCLK * (M/N)
	    = 50.0000 MHz * (32/1)
	    = 1600.0000 MHz
	PLL = VCO / O
	    = 1600.0000 MHz / 8
	    = 200.0000 MHz

	CLKOUT0 = PLL / CLKOUT0_DIV
	        = 200.0000 MHz / 4
	        = 50.0000 MHz

SDC Constraints:
	create_clock -period 20.0000 clk

---------- PLL Usage Summary (end) ----------

---------- 9. LVDS Rx Usage Summary (begin) ----------

No LVDS Rx was configured

---------- LVDS Rx Usage Summary (end) ----------

---------- 10. LVDS Tx Usage Summary (begin) ----------

No LVDS Tx was configured

---------- LVDS Tx Usage Summary (end) ----------

---------- 11. MIPI Rx Usage Summary (begin) ----------

No MIPI Rx was configured

---------- MIPI Rx Usage Summary (end) ----------

---------- 12. MIPI Tx Usage Summary (begin) ----------

No MIPI Tx was configured

---------- MIPI Tx Usage Summary (end) ----------

---------- 13. Clock Mux Usage Summary (begin) ----------

+----------+-----------------+
| Resource | Output Assigned |
+----------+-----------------+
| CLKMUX_R |        1        |
+----------+-----------------+

Resource: CLKMUX_R

Clock mux assignment:

+-----------------+-----------+----------+---------+---------+---------+---------+---------+---------+---------+---------+
|  Input Resource | Clock Pin |  Status  | RCLK[0] | RCLK[1] | RCLK[2] | RCLK[3] | RCLK[4] | RCLK[5] | RCLK[6] | RCLK[7] |
+-----------------+-----------+----------+---------+---------+---------+---------+---------+---------+---------+---------+
|                 |           | Selected |         |         |         |   clk   |         |         |         |         |
|   GPIOR_181.IN  |           |          |    O    |         |         |         |         |         |         |         |
|   GPIOR_180.IN  |           |          |         |    O    |         |         |         |         |         |         |
|   GPIOR_179.IN  |           |          |         |         |    O    |         |         |         |         |         |
|   GPIOR_178.IN  |           |          |         |         |         |    -    |         |         |         |         |
|   GPIOR_177.IN  |           |          |         |         |         |         |    O    |         |         |         |
|   GPIOR_176.IN  |           |          |         |         |         |         |         |    O    |         |         |
|   GPIOR_175.IN  |           |          |         |         |         |         |         |         |    O    |         |
|   GPIOR_174.IN  |           |          |         |         |         |         |         |         |         |    O    |
| PLL_TR0.CLKOUT0 |           |          |    O    |         |         |         |         |         |    O    |         |
| PLL_TR0.CLKOUT1 |           |          |         |    O    |    O    |         |         |         |         |         |
| PLL_TR0.CLKOUT2 |           |          |         |    O    |    O    |         |         |         |         |         |
| PLL_TR1.CLKOUT0 |           |          |    O    |         |         |    -    |         |         |         |         |
| PLL_TR1.CLKOUT1 |           |          |         |         |         |         |    O    |    O    |         |         |
| PLL_TR1.CLKOUT2 |           |          |         |         |         |         |    O    |    O    |         |         |
| PLL_TR2.CLKOUT0 |           |          |    O    |         |         |         |         |         |         |    O    |
| PLL_TR2.CLKOUT1 |           |          |         |    O    |    O    |         |         |         |         |         |
| PLL_TR2.CLKOUT2 |           |          |         |    O    |    O    |         |         |         |         |         |
| PLL_BR0.CLKOUT0 |    clk    |  Routed  |         |         |         |    ^    |         |         |         |    O    |
| PLL_BR0.CLKOUT1 |           |          |         |         |         |         |    O    |    O    |         |         |
| PLL_BR0.CLKOUT2 |           |          |         |         |         |         |    O    |    O    |         |         |
| PLL_BR1.CLKOUT0 |           |          |         |         |    O    |         |         |         |    O    |         |
| PLL_BR1.CLKOUT1 |           |          |         |         |         |    -    |    O    |         |         |         |
| PLL_BR1.CLKOUT2 |           |          |         |         |         |    -    |    O    |         |         |         |
| PLL_BR2.CLKOUT0 |           |          |         |         |         |         |         |    O    |         |         |
| PLL_BR2.CLKOUT1 |           |          |         |    O    |         |         |         |         |    O    |         |
| PLL_BR2.CLKOUT2 |           |          |         |         |         |         |         |         |         |    O    |
+-----------------+-----------+----------+---------+---------+---------+---------+---------+---------+---------+---------+

*NOTE
 : No connection from input to mux output
O: Available input to mux output connection
^: Input assigned to mux output
-: Unavailable (used) input to mux output connection

---------- Clock Mux Usage Summary (end) ----------

---------- 14. Configuration Control Usage Summary (begin) ----------

No Configuration Control was configured

---------- Configuration Control Usage Summary (end) ----------

---------- 15. JTAG Usage Summary (begin) ----------

Instance Name                                     : jtag_inst1

Resource                                          : JTAG_USER1

Capture Pin Name                                  : jtag_inst1_CAPTURE
Gated Test Clock Pin Name                         : jtag_inst1_DRCK
Reset Pin Name                                    : jtag_inst1_RESET
Run Test Pin Name                                 : jtag_inst1_RUNTEST
User Instruction Active Pin Name                  : jtag_inst1_SEL
Shift Pin Name                                    : jtag_inst1_SHIFT
Test Clock Pin Name                               : jtag_inst1_TCK
Test Data Pin Name                                : jtag_inst1_TDI
Test Data Pin Name                                : jtag_inst1_TDO
Test Mode Select Pin Name                         : jtag_inst1_TMS
Update Pin Name                                   : jtag_inst1_UPDATE

---------- JTAG Usage Summary (end) ----------

---------- 16. DDR Usage Summary (begin) ----------

No DDR was configured

---------- DDR Usage Summary (end) ----------
