Efinity Synthesis report for project WS2812_Protocol
Version: 2023.2.307
Generated at: Apr 30, 2024 12:36:33
Copyright (C) 2013 - 2023  All rights reserved.

### ### ### ### ### ### ### ### ### ### ### ### ### ### ###
Top-level Entity Name : ws2812_phy

### ### File List (begin) ### ### ###
/home/kaush/Desktop/Efinity/WS2812_Protocol/Design/test_uart_rx.v
/home/kaush/Desktop/Efinity/WS2812_Protocol/Design/ws2812_ctrl.v
/home/kaush/Desktop/Efinity/WS2812_Protocol/Design/ws2812_interface.v
/home/kaush/Desktop/Efinity/WS2812_Protocol/Design/ws2812_phy.v
/home/kaush/Desktop/Efinity/WS2812_Protocol/ip/phy_fifo/phy_fifo.v
### ### File List (end) ### ### ###

"MEM|SYN-0677" : ... Zero initialization of uninitialized memory block 'ram'. (/home/kaush/Desktop/Efinity/WS2812_Protocol/ip/phy_fifo/phy_fifo.v:719)
"MEM|SYN-0677" : ... Zero initialization of uninitialized memory block 'led_reg'. (/home/kaush/Desktop/Efinity/WS2812_Protocol/Design/ws2812_interface.v:28)
"MEM|OPT-0656" : Optimizing into logic zero initialized read-only memory block 'led_reg__D$g03'. (/home/kaush/Desktop/Efinity/WS2812_Protocol/Design/ws2812_interface.v:28)
"MEM|OPT-0656" : Optimizing into logic zero initialized read-only memory block 'led_reg__D$f03'. (/home/kaush/Desktop/Efinity/WS2812_Protocol/Design/ws2812_interface.v:28)
"MEM|OPT-0656" : Optimizing into logic zero initialized read-only memory block 'led_reg__D$e03'. (/home/kaush/Desktop/Efinity/WS2812_Protocol/Design/ws2812_interface.v:28)
"MEM|OPT-0656" : Optimizing into logic zero initialized read-only memory block 'led_reg__D$d03'. (/home/kaush/Desktop/Efinity/WS2812_Protocol/Design/ws2812_interface.v:28)
"MEM|OPT-0656" : Optimizing into logic zero initialized read-only memory block 'led_reg__D$c03'. (/home/kaush/Desktop/Efinity/WS2812_Protocol/Design/ws2812_interface.v:28)
"MEM|OPT-0656" : Optimizing into logic zero initialized read-only memory block 'led_reg__D$b03'. (/home/kaush/Desktop/Efinity/WS2812_Protocol/Design/ws2812_interface.v:28)
"MEM|OPT-0656" : Optimizing into logic zero initialized read-only memory block 'led_reg__D$03'. (/home/kaush/Desktop/Efinity/WS2812_Protocol/Design/ws2812_interface.v:28)
"MEM|OPT-0656" : Optimizing into logic zero initialized read-only memory block 'led_reg__D$3'. (/home/kaush/Desktop/Efinity/WS2812_Protocol/Design/ws2812_interface.v:28)

### ### EFX_FF CE enables (begin) ### ### ###
Total number of enable signals: 22
Total number of FFs with enable signals: 91
CE signal <uartrx/n509>, number of controlling flip flops: 1
CE signal <ceg_net63>, number of controlling flip flops: 11
CE signal <ceg_net352>, number of controlling flip flops: 1
CE signal <ceg_net230>, number of controlling flip flops: 3
CE signal <uartrx/n485>, number of controlling flip flops: 1
CE signal <uartrx/n487>, number of controlling flip flops: 1
CE signal <uartrx/n489>, number of controlling flip flops: 1
CE signal <uartrx/n491>, number of controlling flip flops: 1
CE signal <uartrx/n500>, number of controlling flip flops: 1
CE signal <uartrx/n503>, number of controlling flip flops: 1
CE signal <uartrx/n506>, number of controlling flip flops: 1
CE signal <ws_wr_fifo/u_efx_fifo_top/wr_en_int>, number of controlling flip flops: 10
CE signal <ws_wr_fifo/u_efx_fifo_top/rd_en_int>, number of controlling flip flops: 10
CE signal <wsctrl/n1252>, number of controlling flip flops: 2
CE signal <ceg_net392>, number of controlling flip flops: 3
CE signal <ceg_net389>, number of controlling flip flops: 8
CE signal <ceg_net317>, number of controlling flip flops: 8
CE signal <ceg_net246>, number of controlling flip flops: 1
CE signal <ceg_net85>, number of controlling flip flops: 8
CE signal <ceg_net341>, number of controlling flip flops: 8
CE signal <ceg_net350>, number of controlling flip flops: 8
CE signal <~wsinterface/select_52/Select_0/n4>, number of controlling flip flops: 2
### ### EFX_FF CE enables (end) ### ### ###

### ### EFX_FF SR set/reset (begin) ### ### ###
Total number of set/reset signals: 4
Total number of FFs with set/reset signals: 63
SR signal <uartrx/r_SM_Main[2]>, number of controlling flip flops: 2
SR signal <uartrx/n453>, number of controlling flip flops: 1
SR signal <ws_wr_fifo/u_efx_fifo_top/genblk2.wr_rst[1]>, number of controlling flip flops: 30
SR signal <ws_wr_fifo/u_efx_fifo_top/genblk2.rd_rst[1]>, number of controlling flip flops: 30
### ### EFX_FF SR set/reset (end) ### ### ###

### ### Sequential Elements Trimming Report (begin) ### ### ### 
FF Output: wsctrl/post_wait_state[3](=0)
### ### Sequential Elements Trimming Report (end) ### ### ### 

### ### Module Resource Usage Distribution Estimates (begin) ### ###

**Note: some resources maybe grouped under different hierarchy due to optimization and LUT mapping

Module                                                               FFs        ADDs        LUTs      RAMs DSP/MULTs
------------------------------------------------------------         ---        ----        ----      ---- ---------
ws2812_phy:ws2812_phy                                             250(0)       30(0)      377(0)     25(0)      0(0)
 +uartrx:test_uart_rx                                             28(28)        0(0)      60(60)      0(0)      0(0)
 +ws_wr_fifo:phy_fifo                                             104(0)       30(0)       48(0)      1(0)      0(0)
  +u_efx_fifo_top:efx_fifo_top_9387c6d4d1f0474eab9d36a0a0...      104(4)       30(0)       48(0)      1(0)      0(0)
   +xefx_fifo_ram:efx_fifo_ram_9387c6d4d1f0474eab9d36a0a0...        0(0)        0(0)        0(0)      1(1)      0(0)
   +xefx_fifo_ctl:efx_fifo_ctl_9387c6d4d1f0474eab9d36a0a0...     100(60)      30(30)      48(12)      0(0)      0(0)
    +genblk7.xrd2wr_bin2gray:efx_fifo_bin2gray_9387c6d4d1...        0(0)        0(0)        9(9)      0(0)      0(0)
    +genblk7.xrd2wr_addr_sync:efx_fifo_datasync_9387c6d4d...      20(20)        0(0)        0(0)      0(0)      0(0)
    +genblk7.xrd2wr_gray2bin:efx_fifo_gray2bin_9387c6d4d1...        0(0)        0(0)        9(1)      0(0)      0(0)
     +genblk1.genblk1.u_gray2bin:efx_fifo_gray2bin_9387c6...        0(0)        0(0)        8(1)      0(0)      0(0)
      +genblk1.genblk1.u_gray2bin:efx_fifo_gray2bin_9387c...        0(0)        0(0)        7(1)      0(0)      0(0)
       +genblk1.genblk1.u_gray2bin:efx_fifo_gray2bin_9387...        0(0)        0(0)        6(1)      0(0)      0(0)
        +genblk1.genblk1.u_gray2bin:efx_fifo_gray2bin_938...        0(0)        0(0)        5(1)      0(0)      0(0)
         +genblk1.genblk1.u_gray2bin:efx_fifo_gray2bin_93...        0(0)        0(0)        4(1)      0(0)      0(0)
          +genblk1.genblk1.u_gray2bin:efx_fifo_gray2bin_9...        0(0)        0(0)        3(1)      0(0)      0(0)
           +genblk1.genblk1.u_gray2bin:efx_fifo_gray2bin_...        0(0)        0(0)        2(1)      0(0)      0(0)
            +genblk1.genblk1.u_gray2bin:efx_fifo_gray2bin...        0(0)        0(0)        1(1)      0(0)      0(0)
    +genblk7.wr2rd_bin2gray:efx_fifo_bin2gray_9387c6d4d1f...        0(0)        0(0)        9(9)      0(0)      0(0)
    +genblk7.wr2rd_addr_sync:efx_fifo_datasync_9387c6d4d1...      20(20)        0(0)        0(0)      0(0)      0(0)
    +genblk7.wr2rd_gray2bin:efx_fifo_gray2bin_9387c6d4d1f...        0(0)        0(0)        9(1)      0(0)      0(0)
     +genblk1.genblk1.u_gray2bin:efx_fifo_gray2bin_9387c6...        0(0)        0(0)        8(1)      0(0)      0(0)
      +genblk1.genblk1.u_gray2bin:efx_fifo_gray2bin_9387c...        0(0)        0(0)        7(1)      0(0)      0(0)
       +genblk1.genblk1.u_gray2bin:efx_fifo_gray2bin_9387...        0(0)        0(0)        6(1)      0(0)      0(0)
        +genblk1.genblk1.u_gray2bin:efx_fifo_gray2bin_938...        0(0)        0(0)        5(1)      0(0)      0(0)
         +genblk1.genblk1.u_gray2bin:efx_fifo_gray2bin_93...        0(0)        0(0)        4(1)      0(0)      0(0)
          +genblk1.genblk1.u_gray2bin:efx_fifo_gray2bin_9...        0(0)        0(0)        3(1)      0(0)      0(0)
           +genblk1.genblk1.u_gray2bin:efx_fifo_gray2bin_...        0(0)        0(0)        2(1)      0(0)      0(0)
            +genblk1.genblk1.u_gray2bin:efx_fifo_gray2bin...        0(0)        0(0)        1(1)      0(0)      0(0)
 +wsctrl:ws2812_ctrl                                              46(46)        0(0)      52(52)      0(0)      0(0)
 +wsinterface:ws2812_interface                                    72(72)        0(0)    217(217)    24(24)      0(0)

### ### Module Resource Usage Distribution Estimates (end) ### ###


### ### Clock Load Distribution Report (begin) ### ###

 Clock     Flip-Flops   Memory Ports    Multipliers
 -----     ----------   ------------    -----------
   clk            250             50              0

### ### Clock Load Distribution Report (end) ### ###

### ### EFX Flow Options (begin) ### ### ###

family : Trion
device : T120F324
project : WS2812_Protocol
project-xml : /home/kaush/Desktop/Efinity/WS2812_Protocol/WS2812_Protocol.xml
root : ws2812_phy
I,include : /home/kaush/Desktop/Efinity/WS2812_Protocol
I,include : /home/kaush/Desktop/Efinity/WS2812_Protocol/ip/phy_fifo
I,include : ip/phy_fifo
output-dir : /home/kaush/Desktop/Efinity/WS2812_Protocol/outflow
work-dir : /home/kaush/Desktop/Efinity/WS2812_Protocol/work_syn
write-efx-verilog : /home/kaush/Desktop/Efinity/WS2812_Protocol/outflow/WS2812_Protocol.map.v
binary-db : /home/kaush/Desktop/Efinity/WS2812_Protocol/outflow/WS2812_Protocol.vdb
insert-ios : 0
max-carry-cascade : 640
max_mult : -1
max_ram : -1
mode : speed
veri_options : verilog_mode=verilog_2k,vhdl_mode=vhdl_2008

### ### EFX Flow Options (end) ### ### ###

### ### Resource Summary (begin) ### ### ### 
INPUT  PORTS    : 	2
OUTPUT PORTS    : 	2

EFX_ADD         : 	30
EFX_LUT4        : 	377
   1-2  Inputs  : 	125
   3    Inputs  : 	97
   4    Inputs  : 	155
EFX_FF          : 	250
EFX_RAM_5K      : 	25
EFX_GBUFCE      : 	1
### ### Resource Summary (end) ### ### ###

Plain synthesis (without verilog dump and post-map checks) time : 7s
Elapsed synthesis time : 7s
